// Jest Snapshot v1, https://goo.gl/fbAQLP

exports[`Pruebas <AddCategory />> debe de mostrarse correctamente 1`] = `
<form
  onSubmit={[Function]}
>
  <input
    onChange={[Function]}
    placeholder="Busca tu gif aqui"
    type="text"
    value=""
  />
</form>
`;
