// Jest Snapshot v1, https://goo.gl/fbAQLP

exports[`Pruebas de <GiftGridItem /> debe mostrar el componente correctamente 1`] = `
<div
  className="card animate__animated animate__fadeInLeft"
>
  <img
    alt="un titulo"
    src="https://localhost/algo.jpg"
  />
  <p>
     
    un titulo
     
  </p>
</div>
`;
